MSBuild version 18.4.0+6e61e96ac for .NET Framework

  kumariCinema_Sharvik -> C:\Users\nitro\source\repos\kumariCinema_Sharvik\kumariCinema_Sharvik\bin\kumariCinema_Sharvik.dll
